
> book-site@0.0.0 build
> docusaurus build

node.exe : 
[WARNING] The `siteC
onfig.onBrokenMarkdo
wnLinks` config 
option is 
deprecated and will 
be removed in 
Docusaurus v4.
At C:\Program Files\
nodejs\npm.ps1:29 
char:3
+   & $NODE_EXE 
$NPM_CLI_JS $args
+   ~~~~~~~~~~~~~~~~
~~~~~~~~~~~~~
    + CategoryInfo  
            : NotS  
  pecified: ([WAR   
 NING] The `...     
Docusaurus v4.:    
String) [], Rem    
oteException
    + FullyQualifie 
   dErrorId : Nati  
  veCommandError
 
Please migrate and 
move this option to 
`siteConfig.markdown
.hooks.onBrokenMarkd
ownLinks` instead.
[INFO] [en] Creating an optimized production build...
[WARNING] The `siteC
onfig.onBrokenMarkdo
wnLinks` config 
option is 
deprecated and will 
be removed in 
Docusaurus v4.
Please migrate and 
move this option to 
`siteConfig.markdown
.hooks.onBrokenMarkd
ownLinks` instead.
[90m[[90mwebpackbar[90m][39m [36mΓä╣[39m Compiling Client
[90m[[90mwebpackbar[90m][39m [36mΓä╣[39m Compiling Server
[90m[[90mwebpackbar[90m][39m [32mΓ£ö[39m Server: Compiled successfully in 29.66s
[90m[[90mwebpackbar[90m][39m [32mΓ£ö[39m Client: Compiled successfully in 1.00m
[SUCCESS] Generated static files in "build".
[INFO] Use `npm run serve` command to test your build locally.
